// Jest Snapshot v1, https://goo.gl/fbAQLP

exports[`renders a triangle 1`] = `
" <svg height="500" width="500" xmlns="http://www.w3.org/2000/svg">
		    <polygon points="250,60 100,400 400,400" fill= "blue" />
            <text fill="white" font-size="70" x= "215" y = "230">srt</text>
	  </svg>"
`;
